
> frontend@0.0.1 dev
> vite

node.exe : X [ERROR] "@tailwindcss/vite" resolved to an ESM file. ESM file cannot be loaded by `require`. See 
https://vite.dev/guide/troubleshooting.html#this-package-is-esm-only for more details. [plugin externalize-deps]
At line:1 char:1
+ & "C:\Program Files\nodejs/node.exe" "C:\Users\PRATEEK G\AppData\Roam ...
+ ~~~~~~~~~~~~~~~~~~~~~~~~~~~~~~~~~~~~~~~~~~~~~~~~~~~~~~~~~~~~~~~~~~~~~
    + CategoryInfo          : NotSpecified: (X [ERROR] "@tai...ternalize-deps]:String) [], RemoteException
    + FullyQualifiedErrorId : NativeCommandError
 

    vite.config.js:3:24:
      3 Γöé import tailwindcss from '@tailwindcss/vite';
        Γò╡                         ~~~~~~~~~~~~~~~~~~~

[31mfailed to load config from C:\Users\PRATEEK G\Desktop\bewell\frontend\vite.config.js[39m
[31merror when starting dev server:
Error: Build failed with 1 error:
vite.config.js:3:24: ERROR: [plugin: externalize-deps] "@tailwindcss/vite" resolved to an ESM file. ESM file cannot be 
loaded by `require`. See https://vite.dev/guide/troubleshooting.html#this-package-is-esm-only for more details.
    at failureErrorWithLog (C:\Users\PRATEEK G\Desktop\bewell\frontend\node_modules\esbuild\lib\main.js:1472:15)
    at C:\Users\PRATEEK G\Desktop\bewell\frontend\node_modules\esbuild\lib\main.js:945:25
    at runOnEndCallbacks (C:\Users\PRATEEK G\Desktop\bewell\frontend\node_modules\esbuild\lib\main.js:1315:45)
    at buildResponseToResult (C:\Users\PRATEEK G\Desktop\bewell\frontend\node_modules\esbuild\lib\main.js:943:7)
    at C:\Users\PRATEEK G\Desktop\bewell\frontend\node_modules\esbuild\lib\main.js:970:16
    at responseCallbacks.<computed> (C:\Users\PRATEEK G\Desktop\bewell\frontend\node_modules\esbuild\lib\main.js:622:9)
    at handleIncomingPacket (C:\Users\PRATEEK G\Desktop\bewell\frontend\node_modules\esbuild\lib\main.js:677:12)
    at Socket.readFromStdout (C:\Users\PRATEEK G\Desktop\bewell\frontend\node_modules\esbuild\lib\main.js:600:7)
    at Socket.emit (node:events:508:28)
    at addChunk (node:internal/streams/readable:559:12)[39m
